This is LuaHBTeX, Version 1.17.0 (TeX Live 2023/Debian)  (format=lualatex 2026.7.24)  4 AUG 2026 09:21
 restricted system commands enabled.
**main.tex
(./main.tex
LaTeX2e <2023-11-01> patch level 1
L3 programming layer <2024-01-22>
Lua module: luaotfload 2023-08-31 3.26 Lua based OpenType font support
Lua module: lualibs 2023-07-13 2.76 ConTeXt Lua standard libraries.
Lua module: lualibs-extended 2023-07-13 2.76 ConTeXt Lua libraries -- extended c
ollection.
luaotfload | conf : Root cache directory is "/home/bonobo/.texlive2023/texmf-var
/luatex-cache/generic/names".
luaotfload | init : Loading fontloader "fontloader-2023-08-19.lua" from kpse-res
olved path "/usr/share/texlive/texmf-dist/tex/luatex/luaotfload/fontloader-2023-
08-19.lua".
Lua-only attribute luaotfload@noligature = 1
luaotfload | init : Context OpenType loader version 3.133
Inserting `luaotfload.node_processor' in `pre_linebreak_filter'.
Inserting `luaotfload.node_processor' in `hpack_filter'.
Inserting `luaotfload.glyph_stream' in `glyph_stream_provider'.
Inserting `luaotfload.define_font' in `define_font'.
Lua-only attribute luaotfload_color_attribute = 2
luaotfload | conf : Root cache directory is "/home/bonobo/.texlive2023/texmf-var
/luatex-cache/generic/names".
Inserting `luaotfload.harf.strip_prefix' in `find_opentype_file'.
Inserting `luaotfload.harf.strip_prefix' in `find_truetype_file'.
Removing  `luaotfload.glyph_stream' from `glyph_stream_provider'.
Inserting `luaotfload.harf.glyphstream' in `glyph_stream_provider'.
Inserting `luaotfload.harf.finalize_vlist' in `post_linebreak_filter'.
Inserting `luaotfload.harf.finalize_hlist' in `hpack_filter'.
Inserting `luaotfload.cleanup_files' in `wrapup_run'.
Inserting `luaotfload.harf.finalize_unicode' in `finish_pdffile'.
Inserting `luaotfload.glyphinfo' in `glyph_info'.
Lua-only attribute luaotfload.letterspace_done = 3
Inserting `luaotfload.aux.set_sscale_dimens' in `luaotfload.patch_font'.
Inserting `luaotfload.aux.set_font_index' in `luaotfload.patch_font'.
Inserting `luaotfload.aux.patch_cambria_domh' in `luaotfload.patch_font'.
Inserting `luaotfload.aux.fixup_fontdata' in `luaotfload.patch_font_unsafe'.
Inserting `luaotfload.aux.set_capheight' in `luaotfload.patch_font'.
Inserting `luaotfload.aux.set_xheight' in `luaotfload.patch_font'.
Inserting `luaotfload.rewrite_fontname' in `luaotfload.patch_font'.
Inserting `tracingstacklevels' in `input_level_string'. (/usr/share/texlive/tex
mf-dist/tex/latex/base/book.cls
Document Class: book 2023/05/17 v1.4n Standard LaTeX document class
(/usr/share/texlive/texmf-dist/tex/latex/base/bk11.clo
File: bk11.clo 2023/05/17 v1.4n Standard LaTeX file (size option)
luaotfload | db : Font names database loaded from /home/bonobo/.texlive2023/texm
f-var/luatex-cache/generic/names/luaotfload-names.luc.gz)
\c@part=\count185
\c@chapter=\count186
\c@section=\count187
\c@subsection=\count188
\c@subsubsection=\count189
\c@paragraph=\count190
\c@subparagraph=\count191
\c@figure=\count192
\c@table=\count193
\abovecaptionskip=\skip48
\belowcaptionskip=\skip49
\bibindent=\dimen139
)
(/usr/share/texlive/texmf-dist/tex/latex/fontspec/fontspec.sty
(/usr/share/texlive/texmf-dist/tex/latex/l3packages/xparse/xparse.sty
(/usr/share/texlive/texmf-dist/tex/latex/l3kernel/expl3.sty
Package: expl3 2024-01-22 L3 programming layer (loader) 

(/usr/share/texlive/texmf-dist/tex/latex/l3backend/l3backend-luatex.def
File: l3backend-luatex.def 2024-01-04 L3 backend support: PDF output (LuaTeX)
\l__color_backend_stack_int=\count194
Inserting `l3color' in `luaotfload.parse_color'.
\l__pdf_internal_box=\box51
))
Package: xparse 2023-10-10 L3 Experimental document command parser
)
Package: fontspec 2022/01/15 v2.8a Font selection for XeLaTeX and LuaLaTeX
Lua module: fontspec 2022/01/15 2.8a Font selection for XeLaTeX and LuaLaTeX
(/usr/share/texlive/texmf-dist/tex/latex/fontspec/fontspec-luatex.sty
Package: fontspec-luatex 2022/01/15 v2.8a Font selection for XeLaTeX and LuaLaT
eX
\l__fontspec_script_int=\count195
\l__fontspec_language_int=\count196
\l__fontspec_strnum_int=\count197
\l__fontspec_tmp_int=\count198
\l__fontspec_tmpa_int=\count199
\l__fontspec_tmpb_int=\count266
\l__fontspec_tmpc_int=\count267
\l__fontspec_em_int=\count268
\l__fontspec_emdef_int=\count269
\l__fontspec_strong_int=\count270
\l__fontspec_strongdef_int=\count271
\l__fontspec_tmpa_dim=\dimen140
\l__fontspec_tmpb_dim=\dimen141
\l__fontspec_tmpc_dim=\dimen142

(/usr/share/texlive/texmf-dist/tex/latex/base/fontenc.sty
Package: fontenc 2021/04/29 v2.0v Standard LaTeX package
)
(/usr/share/texlive/texmf-dist/tex/latex/fontspec/fontspec.cfg)))
luaotfload | cache : Lookup cache loaded from /home/bonobo/.texlive2023/texmf-va
r/luatex-cache/generic/names/luaotfload-lookup-cache.luc.

Package fontspec Info: Font family 'TeXGyrePagella(0)' created for font 'TeX
(fontspec)             Gyre Pagella' with options [Ligatures=TeX].
(fontspec)              
(fontspec)              This font family consists of the following NFSS
(fontspec)             series/shapes:
(fontspec)              
(fontspec)             - 'normal' (m/n) with NFSS spec.:
(fontspec)             <->"TeXGyrePagella:mode=node;script=latn;language=dflt;+
tlig;"
(fontspec)             - 'small caps'  (m/sc) with NFSS spec.:
(fontspec)             <->"TeXGyrePagella:mode=node;script=latn;language=dflt;+
tlig;+smcp;"
(fontspec)             - 'bold' (b/n) with NFSS spec.:
(fontspec)             <->"TeXGyrePagella/B:mode=node;script=latn;language=dflt
;+tlig;"
(fontspec)             - 'bold small caps'  (b/sc) with NFSS spec.:
(fontspec)             <->"TeXGyrePagella/B:mode=node;script=latn;language=dflt
;+tlig;+smcp;"
(fontspec)             - 'italic' (m/it) with NFSS spec.:
(fontspec)             <->"TeXGyrePagella/I:mode=node;script=latn;language=dflt
;+tlig;"
(fontspec)             - 'italic small caps'  (m/scit) with NFSS spec.:
(fontspec)             <->"TeXGyrePagella/I:mode=node;script=latn;language=dflt
;+tlig;+smcp;"
(fontspec)             - 'bold italic' (b/it) with NFSS spec.:
(fontspec)             <->"TeXGyrePagella/BI:mode=node;script=latn;language=dfl
t;+tlig;"
(fontspec)             - 'bold italic small caps'  (b/scit) with NFSS spec.:
(fontspec)             <->"TeXGyrePagella/BI:mode=node;script=latn;language=dfl
t;+tlig;+smcp;"

luaotfload | aux : font no 34 (nil) does not define feature smcp for script latn
 with language dflt
luaotfload | aux : font no 35 (nil) does not define feature smcp for script latn
 with language dflt
luaotfload | aux : font no 36 (nil) does not define feature smcp for script latn
 with language dflt
luaotfload | aux : font no 37 (nil) does not define feature smcp for script latn
 with language dflt

Package fontspec Info: Font family 'DejaVuSansMono(0)' created for font
(fontspec)             'DejaVu Sans Mono' with options
(fontspec)             [WordSpace={1,0,0},HyphenChar=None,PunctuationSpace=Word
Space,Scale=0.85].
(fontspec)              
(fontspec)              This font family consists of the following NFSS
(fontspec)             series/shapes:
(fontspec)              
(fontspec)             - 'normal' (m/n) with NFSS spec.:
(fontspec)             <->s*[0.85]"DejaVuSansMono:mode=node;script=latn;languag
e=dflt;"
(fontspec)             - 'small caps'  (m/sc) with NFSS spec.: 
(fontspec)             and font adjustment code:
(fontspec)             \fontdimen 2\font =1\fontdimen 2\font \fontdimen 3\font
(fontspec)             =0\fontdimen 3\font \fontdimen 4\font =0\fontdimen
(fontspec)             4\font \fontdimen 7\font =0\fontdimen 2\font
(fontspec)             \tex_hyphenchar:D \font =-1\scan_stop: 
(fontspec)             - 'bold' (b/n) with NFSS spec.:
(fontspec)             <->s*[0.85]"DejaVuSansMono/B:mode=node;script=latn;langu
age=dflt;"
(fontspec)             - 'bold small caps'  (b/sc) with NFSS spec.: 
(fontspec)             and font adjustment code:
(fontspec)             \fontdimen 2\font =1\fontdimen 2\font \fontdimen 3\font
(fontspec)             =0\fontdimen 3\font \fontdimen 4\font =0\fontdimen
(fontspec)             4\font \fontdimen 7\font =0\fontdimen 2\font
(fontspec)             \tex_hyphenchar:D \font =-1\scan_stop: 
(fontspec)             - 'italic' (m/it) with NFSS spec.:
(fontspec)             <->s*[0.85]"DejaVuSansMono/I:mode=node;script=latn;langu
age=dflt;"
(fontspec)             - 'italic small caps'  (m/scit) with NFSS spec.: 
(fontspec)             and font adjustment code:
(fontspec)             \fontdimen 2\font =1\fontdimen 2\font \fontdimen 3\font
(fontspec)             =0\fontdimen 3\font \fontdimen 4\font =0\fontdimen
(fontspec)             4\font \fontdimen 7\font =0\fontdimen 2\font
(fontspec)             \tex_hyphenchar:D \font =-1\scan_stop: 
(fontspec)             - 'bold italic' (b/it) with NFSS spec.:
(fontspec)             <->s*[0.85]"DejaVuSansMono/BI:mode=node;script=latn;lang
uage=dflt;"
(fontspec)             - 'bold italic small caps'  (b/scit) with NFSS spec.: 
(fontspec)             and font adjustment code:
(fontspec)             \fontdimen 2\font =1\fontdimen 2\font \fontdimen 3\font
(fontspec)             =0\fontdimen 3\font \fontdimen 4\font =0\fontdimen
(fontspec)             4\font \fontdimen 7\font =0\fontdimen 2\font
(fontspec)             \tex_hyphenchar:D \font =-1\scan_stop: 


(/usr/share/texlive/texmf-dist/tex/latex/unicode-math/unicode-math.sty
Package: unicode-math 2023/08/13 v0.8r Unicode maths in XeLaTeX and LuaLaTeX

(/usr/share/texlive/texmf-dist/tex/latex/unicode-math/unicode-math-luatex.sty
Package: unicode-math-luatex 2023/08/13 v0.8r Unicode maths in XeLaTeX and LuaL
aTeX

(/usr/share/texlive/texmf-dist/tex/latex/l3packages/l3keys2e/l3keys2e.sty
Package: l3keys2e 2023-10-10 LaTeX2e option processing using LaTeX3 keys
)
(/usr/share/texlive/texmf-dist/tex/latex/base/fix-cm.sty
Package: fix-cm 2020/11/24 v1.1t fixes to LaTeX

(/usr/share/texlive/texmf-dist/tex/latex/base/ts1enc.def
File: ts1enc.def 2001/06/05 v3.0e (jk/car/fm) Standard LaTeX file
LaTeX Font Info:    Redeclaring font encoding TS1 on input line 47.
))
(/usr/share/texlive/texmf-dist/tex/latex/amsmath/amsmath.sty
Package: amsmath 2023/05/13 v2.17o AMS math features
\@mathmargin=\skip50

For additional information on amsmath, use the `?' option.
(/usr/share/texlive/texmf-dist/tex/latex/amsmath/amstext.sty
Package: amstext 2021/08/26 v2.01 AMS text

(/usr/share/texlive/texmf-dist/tex/latex/amsmath/amsgen.sty
File: amsgen.sty 1999/11/30 v2.0 generic functions
\@emptytoks=\toks17
\ex@=\dimen143
))
(/usr/share/texlive/texmf-dist/tex/latex/amsmath/amsbsy.sty
Package: amsbsy 1999/11/29 v1.2d Bold Symbols
\pmbraise@=\dimen144
)
(/usr/share/texlive/texmf-dist/tex/latex/amsmath/amsopn.sty
Package: amsopn 2022/04/08 v2.04 operator names
)
\inf@bad=\count272
LaTeX Info: Redefining \frac on input line 236.
\uproot@=\count273
\leftroot@=\count274
LaTeX Info: Redefining \overline on input line 399.
LaTeX Info: Redefining \colon on input line 410.
\classnum@=\count275
\DOTSCASE@=\count276
LaTeX Info: Redefining \ldots on input line 496.
LaTeX Info: Redefining \dots on input line 499.
LaTeX Info: Redefining \cdots on input line 620.
\Mathstrutbox@=\box52
\strutbox@=\box53
LaTeX Info: Redefining \big on input line 722.
LaTeX Info: Redefining \Big on input line 723.
LaTeX Info: Redefining \bigg on input line 724.
LaTeX Info: Redefining \Bigg on input line 725.
\big@size=\dimen145
LaTeX Font Info:    Redeclaring font encoding OML on input line 743.
LaTeX Font Info:    Redeclaring font encoding OMS on input line 744.
\macc@depth=\count277
LaTeX Info: Redefining \bmod on input line 905.
LaTeX Info: Redefining \pmod on input line 910.
LaTeX Info: Redefining \smash on input line 940.
LaTeX Info: Redefining \relbar on input line 970.
LaTeX Info: Redefining \Relbar on input line 971.
\c@MaxMatrixCols=\count278
\dotsspace@=\muskip16
\c@parentequation=\count279
\dspbrk@lvl=\count280
\tag@help=\toks18
\row@=\count281
\column@=\count282
\maxfields@=\count283
\andhelp@=\toks19
\eqnshift@=\dimen146
\alignsep@=\dimen147
\tagshift@=\dimen148
\tagwidth@=\dimen149
\totwidth@=\dimen150
\lineht@=\dimen151
\@envbody=\toks20
\multlinegap=\skip51
\multlinetaggap=\skip52
\mathdisplay@stack=\toks21
LaTeX Info: Redefining \[ on input line 2953.
LaTeX Info: Redefining \] on input line 2954.
)
(/usr/share/texlive/texmf-dist/tex/lualatex/lualatex-math/lualatex-math.sty
Package: lualatex-math 2022/01/01 v1.12 Patches for mathematics typesetting wit
h LuaLaTeX

(/usr/share/texlive/texmf-dist/tex/latex/etoolbox/etoolbox.sty
Package: etoolbox 2020/10/05 v2.5k e-TeX tools for LaTeX (JAW)
\etb@tempcnta=\count284
)
Lua module: lualatex-math 2013/08/03 1.3 Patches for mathematics typesetting wit
h LuaLaTeX)
\g__um_fam_int=\count285
\g__um_fonts_used_int=\count286
\l__um_primecount_int=\count287
\g__um_primekern_muskip=\muskip17

(/usr/share/texlive/texmf-dist/tex/latex/unicode-math/unicode-math-table.tex)))

Package fontspec Info: Could not resolve font "LatinModernMath/B" (it probably
(fontspec)             doesn't exist).


Package fontspec Info: Font family 'LatinModernMath(0)' created for font
(fontspec)             'Latin Modern Math' with options
(fontspec)             [Renderer=Basic,BoldItalicFont={},ItalicFont={},SmallCap
sFont={},Script=Math,RawFeature={mathfontdimen=xetex}].
(fontspec)              
(fontspec)              This font family consists of the following NFSS
(fontspec)             series/shapes:
(fontspec)              
(fontspec)             - 'normal' (m/n) with NFSS spec.:
(fontspec)             <->"LatinModernMath:mode=base;script=math;language=dflt;
mathfontdimen=xetex;"
(fontspec)             - 'small caps'  (m/sc) with NFSS spec.: 


Package fontspec Info: Could not resolve font "LatinModernMath/B" (it probably
(fontspec)             doesn't exist).


Package fontspec Info: Font family 'LatinModernMath(1)' created for font
(fontspec)             'Latin Modern Math' with options
(fontspec)             [Renderer=Basic,BoldItalicFont={},ItalicFont={},SmallCap
sFont={},Script=Math,SizeFeatures={{Size=9.3075-},{Size=6.57-9.3075,Font=Latin
(fontspec)             Modern Math,Style=MathScript},{Size=-6.57,Font=Latin
(fontspec)             Modern
(fontspec)             Math,Style=MathScriptScript}},RawFeature={mathfontdimen=
xetex}].
(fontspec)              
(fontspec)              This font family consists of the following NFSS
(fontspec)             series/shapes:
(fontspec)              
(fontspec)             - 'normal' (m/n) with NFSS spec.:
(fontspec)             <9.3075->"LatinModernMath:mode=base;script=math;language
=dflt;mathfontdimen=xetex;"<6.57-9.3075>"LatinModernMath:mode=base;script=math;
language=dflt;mathfontdimen=xetex;+ssty=0;"<-6.57>"LatinModernMath:mode=base;sc
ript=math;language=dflt;mathfontdimen=xetex;+ssty=1;"
(fontspec)             - 'small caps'  (m/sc) with NFSS spec.: 

LaTeX Font Info:    Encoding `OT1' has changed to `TU' for symbol font
(Font)              `operators' in the math version `normal' on input line 9.
LaTeX Font Info:    Overwriting symbol font `operators' in version `normal'
(Font)                  OT1/cmr/m/n --> TU/LatinModernMath(1)/m/n on input line
 9.
LaTeX Font Info:    Encoding `OT1' has changed to `TU' for symbol font
(Font)              `operators' in the math version `bold' on input line 9.
LaTeX Font Info:    Overwriting symbol font `operators' in version `bold'
(Font)                  OT1/cmr/bx/n --> TU/LatinModernMath(1)/b/n on input lin
e 9.

Package fontspec Info: Could not resolve font "LatinModernMath/B" (it probably
(fontspec)             doesn't exist).


Package fontspec Info: Font family 'LatinModernMath(2)' created for font
(fontspec)             'Latin Modern Math' with options
(fontspec)             [Renderer=Basic,BoldItalicFont={},ItalicFont={},SmallCap
sFont={},Script=Math,SizeFeatures={{Size=9.3075-},{Size=6.57-9.3075,Font=Latin
(fontspec)             Modern Math,Style=MathScript},{Size=-6.57,Font=Latin
(fontspec)             Modern
(fontspec)             Math,Style=MathScriptScript}},RawFeature={mathfontdimen=
xetex},RawFeature={mathfontdimen=tex2}].
(fontspec)              
(fontspec)              This font family consists of the following NFSS
(fontspec)             series/shapes:
(fontspec)              
(fontspec)             - 'normal' (m/n) with NFSS spec.:
(fontspec)             <9.3075->"LatinModernMath:mode=base;script=math;language
=dflt;mathfontdimen=xetex;mathfontdimen=tex2;"<6.57-9.3075>"LatinModernMath:mod
e=base;script=math;language=dflt;mathfontdimen=xetex;mathfontdimen=tex2;+ssty=0
;"<-6.57>"LatinModernMath:mode=base;script=math;language=dflt;mathfontdimen=xet
ex;mathfontdimen=tex2;+ssty=1;"
(fontspec)             - 'small caps'  (m/sc) with NFSS spec.: 

LaTeX Font Info:    Encoding `OMS' has changed to `TU' for symbol font
(Font)              `symbols' in the math version `normal' on input line 9.
LaTeX Font Info:    Overwriting symbol font `symbols' in version `normal'
(Font)                  OMS/cmsy/m/n --> TU/LatinModernMath(2)/m/n on input lin
e 9.
LaTeX Font Info:    Encoding `OMS' has changed to `TU' for symbol font
(Font)              `symbols' in the math version `bold' on input line 9.
LaTeX Font Info:    Overwriting symbol font `symbols' in version `bold'
(Font)                  OMS/cmsy/b/n --> TU/LatinModernMath(2)/b/n on input lin
e 9.

Package fontspec Info: Could not resolve font "LatinModernMath/B" (it probably
(fontspec)             doesn't exist).


Package fontspec Info: Font family 'LatinModernMath(3)' created for font
(fontspec)             'Latin Modern Math' with options
(fontspec)             [Renderer=Basic,BoldItalicFont={},ItalicFont={},SmallCap
sFont={},Script=Math,SizeFeatures={{Size=9.3075-},{Size=6.57-9.3075,Font=Latin
(fontspec)             Modern Math,Style=MathScript},{Size=-6.57,Font=Latin
(fontspec)             Modern
(fontspec)             Math,Style=MathScriptScript}},RawFeature={mathfontdimen=
xetex},RawFeature={mathfontdimen=tex3}].
(fontspec)              
(fontspec)              This font family consists of the following NFSS
(fontspec)             series/shapes:
(fontspec)              
(fontspec)             - 'normal' (m/n) with NFSS spec.:
(fontspec)             <9.3075->"LatinModernMath:mode=base;script=math;language
=dflt;mathfontdimen=xetex;mathfontdimen=tex3;"<6.57-9.3075>"LatinModernMath:mod
e=base;script=math;language=dflt;mathfontdimen=xetex;mathfontdimen=tex3;+ssty=0
;"<-6.57>"LatinModernMath:mode=base;script=math;language=dflt;mathfontdimen=xet
ex;mathfontdimen=tex3;+ssty=1;"
(fontspec)             - 'small caps'  (m/sc) with NFSS spec.: 

LaTeX Font Info:    Encoding `OMX' has changed to `TU' for symbol font
(Font)              `largesymbols' in the math version `normal' on input line 9
.
LaTeX Font Info:    Overwriting symbol font `largesymbols' in version `normal'
(Font)                  OMX/cmex/m/n --> TU/LatinModernMath(3)/m/n on input lin
e 9.
LaTeX Font Info:    Encoding `OMX' has changed to `TU' for symbol font
(Font)              `largesymbols' in the math version `bold' on input line 9.
LaTeX Font Info:    Overwriting symbol font `largesymbols' in version `bold'
(Font)                  OMX/cmex/m/n --> TU/LatinModernMath(3)/b/n on input lin
e 9.
(/usr/share/texlive/texmf-dist/tex/latex/newunicodechar/newunicodechar.sty
Package: newunicodechar 2018/04/08 v1.2 Defining Unicode characters
)
luaotfload | aux : font no 55 (nil) defines no feature for script latn
luaotfload | aux : font no 55 (nil) defines no feature for script dflt

Package fontspec Info: Could not resolve font "LatinModernMath/BI" (it
(fontspec)             probably doesn't exist).


Package fontspec Info: Could not resolve font "LatinModernMath/B" (it probably
(fontspec)             doesn't exist).


Package fontspec Info: Could not resolve font "LatinModernMath/I" (it probably
(fontspec)             doesn't exist).


Package fontspec Info: Font family 'LatinModernMath(4)' created for font
(fontspec)             'Latin Modern Math' with options [].
(fontspec)              
(fontspec)              This font family consists of the following NFSS
(fontspec)             series/shapes:
(fontspec)              
(fontspec)             - 'normal' (m/n) with NFSS spec.:
(fontspec)             <->"LatinModernMath:mode=node;language=dflt;"
(fontspec)             - 'small caps'  (m/sc) with NFSS spec.: 

luaotfload | aux : font no 63 (nil) does not define feature smcp for script latn
 with language dflt
luaotfload | aux : font no 64 (nil) does not define feature smcp for script latn
 with language dflt
luaotfload | aux : font no 65 (nil) does not define feature smcp for script latn
 with language dflt
luaotfload | aux : font no 66 (nil) does not define feature smcp for script latn
 with language dflt

Package fontspec Info: Font family 'DejaVuSans(0)' created for font 'DejaVu
(fontspec)             Sans' with options [].
(fontspec)              
(fontspec)              This font family consists of the following NFSS
(fontspec)             series/shapes:
(fontspec)              
(fontspec)             - 'normal' (m/n) with NFSS spec.:
(fontspec)             <->"DejaVuSans:mode=node;script=latn;language=dflt;"
(fontspec)             - 'small caps'  (m/sc) with NFSS spec.: 
(fontspec)             - 'bold' (b/n) with NFSS spec.:
(fontspec)             <->"DejaVuSans/B:mode=node;script=latn;language=dflt;"
(fontspec)             - 'bold small caps'  (b/sc) with NFSS spec.: 
(fontspec)             - 'italic' (m/it) with NFSS spec.:
(fontspec)             <->"DejaVuSans/I:mode=node;script=latn;language=dflt;"
(fontspec)             - 'italic small caps'  (m/scit) with NFSS spec.: 
(fontspec)             - 'bold italic' (b/it) with NFSS spec.:
(fontspec)             <->"DejaVuSans/BI:mode=node;script=latn;language=dflt;"
(fontspec)             - 'bold italic small caps'  (b/scit) with NFSS spec.: 


(/usr/share/texlive/texmf-dist/tex/latex/geometry/geometry.sty
Package: geometry 2020/01/02 v5.9 Page Geometry

(/usr/share/texlive/texmf-dist/tex/latex/graphics/keyval.sty
Package: keyval 2022/05/29 v1.15 key=value parser (DPC)
\KV@toks@=\toks22
)
(/usr/share/texlive/texmf-dist/tex/generic/iftex/ifvtex.sty
Package: ifvtex 2019/10/25 v1.7 ifvtex legacy package. Use iftex instead.

(/usr/share/texlive/texmf-dist/tex/generic/iftex/iftex.sty
Package: iftex 2022/02/03 v1.0f TeX engine tests
))
\Gm@cnth=\count288
\Gm@cntv=\count289
\c@Gm@tempcnt=\count290
\Gm@bindingoffset=\dimen152
\Gm@wd@mp=\dimen153
\Gm@odd@mp=\dimen154
\Gm@even@mp=\dimen155
\Gm@layoutwidth=\dimen156
\Gm@layoutheight=\dimen157
\Gm@layouthoffset=\dimen158
\Gm@layoutvoffset=\dimen159
\Gm@dimlist=\toks23
)
(/usr/share/texlive/texmf-dist/tex/latex/setspace/setspace.sty
Package: setspace 2022/12/04 v6.7b set line spacing
)
(/usr/share/texlive/texmf-dist/tex/latex/titlesec/titlesec.sty
Package: titlesec 2023/10/27 v2.16 Sectioning titles
\ttl@box=\box54
\beforetitleunit=\skip53
\aftertitleunit=\skip54
\ttl@plus=\dimen160
\ttl@minus=\dimen161
\ttl@toksa=\toks24
\titlewidth=\dimen162
\titlewidthlast=\dimen163
\titlewidthfirst=\dimen164
)
(/usr/share/texlive/texmf-dist/tex/latex/titling/titling.sty
Package: titling 2009/09/04 v2.1d maketitle typesetting
\thanksmarkwidth=\skip55
\thanksmargin=\skip56
\droptitle=\skip57
)
(/usr/share/texlive/texmf-dist/tex/latex/fancyhdr/fancyhdr.sty
Package: fancyhdr 2022/11/09 v4.1 Extensive control of page headers and footers

\f@nch@headwidth=\skip58
\f@nch@O@elh=\skip59
\f@nch@O@erh=\skip60
\f@nch@O@olh=\skip61
\f@nch@O@orh=\skip62
\f@nch@O@elf=\skip63
\f@nch@O@erf=\skip64
\f@nch@O@olf=\skip65
\f@nch@O@orf=\skip66
)

Package fancyhdr Warning: \fancyhead's `E' option without twoside option is use
less.
(fancyhdr)                Please consider using the `twoside' option on input l
ine 42.


Package fancyhdr Warning: \fancyhead's `E' option without twoside option is use
less.
(fancyhdr)                Please consider using the `twoside' option on input l
ine 43.

(/usr/share/texlive/texmf-dist/tex/latex/hyperref/hyperref.sty
Package: hyperref 2024-01-20 v7.01h Hypertext links for LaTeX

(/usr/share/texlive/texmf-dist/tex/latex/kvsetkeys/kvsetkeys.sty
Package: kvsetkeys 2022-10-05 v1.19 Key value parser (HO)
)
(/usr/share/texlive/texmf-dist/tex/generic/kvdefinekeys/kvdefinekeys.sty
Package: kvdefinekeys 2019-12-19 v1.6 Define keys (HO)
)
(/usr/share/texlive/texmf-dist/tex/generic/pdfescape/pdfescape.sty
Package: pdfescape 2019/12/09 v1.15 Implements pdfTeX's escape features (HO)

(/usr/share/texlive/texmf-dist/tex/generic/ltxcmds/ltxcmds.sty
Package: ltxcmds 2023-12-04 v1.26 LaTeX kernel commands for general use (HO)
)
(/usr/share/texlive/texmf-dist/tex/generic/pdftexcmds/pdftexcmds.sty
Package: pdftexcmds 2020-06-27 v0.33 Utility functions of pdfTeX for LuaTeX (HO
)

(/usr/share/texlive/texmf-dist/tex/generic/infwarerr/infwarerr.sty
Package: infwarerr 2019/12/03 v1.5 Providing info/warning/error messages (HO)
)
Package pdftexcmds Info: \pdf@primitive is available.
Package pdftexcmds Info: \pdf@ifprimitive is available.
Package pdftexcmds Info: \pdfdraftmode found.
\pdftexcmds@toks=\toks25
))
(/usr/share/texlive/texmf-dist/tex/latex/hycolor/hycolor.sty
Package: hycolor 2020-01-27 v1.10 Color options for hyperref/bookmark (HO)
)
(/usr/share/texlive/texmf-dist/tex/latex/auxhook/auxhook.sty
Package: auxhook 2019-12-17 v1.6 Hooks for auxiliary files (HO)
)
(/usr/share/texlive/texmf-dist/tex/latex/hyperref/nameref.sty
Package: nameref 2023-11-26 v2.56 Cross-referencing by name of section

(/usr/share/texlive/texmf-dist/tex/latex/refcount/refcount.sty
Package: refcount 2019/12/15 v3.6 Data extraction from label references (HO)
)
(/usr/share/texlive/texmf-dist/tex/generic/gettitlestring/gettitlestring.sty
Package: gettitlestring 2019/12/15 v1.6 Cleanup title references (HO)

(/usr/share/texlive/texmf-dist/tex/latex/kvoptions/kvoptions.sty
Package: kvoptions 2022-06-15 v3.15 Key value format for package options (HO)
))
\c@section@level=\count291
)
\@linkdim=\dimen165
\Hy@linkcounter=\count292
\Hy@pagecounter=\count293

(/usr/share/texlive/texmf-dist/tex/latex/hyperref/pd1enc.def
File: pd1enc.def 2024-01-20 v7.01h Hyperref: PDFDocEncoding definition (HO)
)
(/usr/share/texlive/texmf-dist/tex/generic/intcalc/intcalc.sty
Package: intcalc 2019/12/15 v1.3 Expandable calculations with integers (HO)
)
\Hy@SavedSpaceFactor=\count294

(/usr/share/texlive/texmf-dist/tex/latex/hyperref/puenc.def
File: puenc.def 2024-01-20 v7.01h Hyperref: PDF Unicode definition (HO)
)
Package hyperref Info: Option `unicode' set `true' on input line 4062.
Package hyperref Info: Hyper figures OFF on input line 4179.
Package hyperref Info: Link nesting OFF on input line 4184.
Package hyperref Info: Hyper index ON on input line 4187.
Package hyperref Info: Plain pages OFF on input line 4194.
Package hyperref Info: Backreferencing OFF on input line 4199.
Package hyperref Info: Implicit mode ON; LaTeX internals redefined.
Package hyperref Info: Bookmarks ON on input line 4446.
\c@Hy@tempcnt=\count295

(/usr/share/texlive/texmf-dist/tex/latex/url/url.sty
\Urlmuskip=\muskip18
Package: url 2013/09/16  ver 3.4  Verb mode for urls, etc.
)
LaTeX Info: Redefining \url on input line 4784.
\XeTeXLinkMargin=\dimen166

(/usr/share/texlive/texmf-dist/tex/generic/bitset/bitset.sty
Package: bitset 2019/12/09 v1.3 Handle bit-vector datatype (HO)

(/usr/share/texlive/texmf-dist/tex/generic/bigintcalc/bigintcalc.sty
Package: bigintcalc 2019/12/15 v1.5 Expandable calculations on big integers (HO
)
))
\Fld@menulength=\count296
\Field@Width=\dimen167
\Fld@charsize=\dimen168
Package hyperref Info: Hyper figures OFF on input line 6063.
Package hyperref Info: Link nesting OFF on input line 6068.
Package hyperref Info: Hyper index ON on input line 6071.
Package hyperref Info: backreferencing OFF on input line 6078.
Package hyperref Info: Link coloring OFF on input line 6083.
Package hyperref Info: Link coloring with OCG OFF on input line 6088.
Package hyperref Info: PDF/A mode OFF on input line 6093.

(/usr/share/texlive/texmf-dist/tex/latex/base/atbegshi-ltx.sty
Package: atbegshi-ltx 2021/01/10 v1.0c Emulation of the original atbegshi
package with kernel methods
)
\Hy@abspage=\count297
\c@Item=\count298
\c@Hfootnote=\count299
)
Package hyperref Info: Driver (autodetected): hluatex.

(/usr/share/texlive/texmf-dist/tex/latex/hyperref/hluatex.def
File: hluatex.def 2024-01-20 v7.01h Hyperref driver for luaTeX

(/usr/share/texlive/texmf-dist/tex/generic/stringenc/stringenc.sty
Package: stringenc 2019/11/29 v1.12 Convert strings between diff. encodings (HO
)
)
(/usr/share/texlive/texmf-dist/tex/latex/base/atveryend-ltx.sty
Package: atveryend-ltx 2020/08/19 v1.0a Emulation of the original atveryend pac
kage
with kernel methods
)
\Fld@listcount=\count300
\c@bookmark@seq@number=\count301

(/usr/share/texlive/texmf-dist/tex/latex/rerunfilecheck/rerunfilecheck.sty
Package: rerunfilecheck 2022-07-10 v1.10 Rerun checks for auxiliary files (HO)

(/usr/share/texlive/texmf-dist/tex/generic/uniquecounter/uniquecounter.sty
Package: uniquecounter 2019/12/15 v1.4 Provide unlimited unique counter (HO)
)
Package uniquecounter Info: New unique counter `rerunfilecheck' on input line 2
85.
)
\Hy@SectionHShift=\skip67
)
Package hyperref Info: Option `colorlinks' set `true' on input line 56.

(/usr/share/texlive/texmf-dist/tex/latex/bookmark/bookmark.sty
Package: bookmark 2023-12-10 v1.31 PDF bookmarks (HO)

(/usr/share/texlive/texmf-dist/tex/latex/bookmark/bkm-pdftex.def
File: bkm-pdftex.def 2023-12-10 v1.31 bookmark driver for pdfTeX and luaTeX (HO
)
\BKM@id=\count302
))
(/usr/share/texlive/texmf-dist/tex/latex/tools/verbatim.sty
Package: verbatim 2023-11-06 v1.5v LaTeX2e package for verbatim enhancements
\every@verbatim=\toks26
\verbatim@line=\toks27
\verbatim@in@stream=\read2
)
(/usr/share/texlive/texmf-dist/tex/latex/fvextra/fvextra.sty
Package: fvextra 2023/11/28 v1.6.1 fvextra - extensions and patches for fancyvr
b

(/usr/share/texlive/texmf-dist/tex/latex/fancyvrb/fancyvrb.sty
Package: fancyvrb 2024/01/20 4.5c verbatim text (tvz,hv)
\FV@CodeLineNo=\count303
\FV@InFile=\read3
\FV@TabBox=\box55
\c@FancyVerbLine=\count304
\FV@StepNumber=\count305
\FV@OutFile=\write3
)
(/usr/share/texlive/texmf-dist/tex/latex/upquote/upquote.sty
Package: upquote 2012/04/19 v1.3 upright-quote and grave-accent glyphs in verba
tim

(/usr/share/texlive/texmf-dist/tex/latex/base/textcomp.sty
Package: textcomp 2020/02/02 v2.0n Standard LaTeX package
))
(/usr/share/texlive/texmf-dist/tex/latex/lineno/lineno.sty
Package: lineno 2023/05/20 line numbers on paragraphs v5.3
\linenopenalty=\count306
\output=\toks28
\linenoprevgraf=\count307
\linenumbersep=\dimen169
\linenumberwidth=\dimen170
\c@linenumber=\count308
\c@pagewiselinenumber=\count309
\c@LN@truepage=\count310
\c@internallinenumber=\count311
\c@internallinenumbers=\count312
\quotelinenumbersep=\dimen171
\bframerule=\dimen172
\bframesep=\dimen173
\bframebox=\box56
\linenoamsmath@ams@eqpen=\count313
LaTeX Info: Redefining \\ on input line 3180.
)
\c@FancyVerbWriteLine=\count314
\c@FancyVerbBufferIndex=\count315
\c@FancyVerbBufferLength=\count316
\c@FancyVerbBufferLine=\count317
\c@FV@oldbufferlength=\count318
\c@FV@TrueTabGroupLevel=\count319
\c@FV@TrueTabCounter=\count320
\FV@TabBox@Group=\box57
\FV@TmpLength=\skip68
\c@FV@HighlightLinesStart=\count321
\c@FV@HighlightLinesStop=\count322
\FV@LoopCount=\count323
\FV@NCharsBox=\box58
\FV@BreakIndent=\dimen174
\FV@BreakIndentNChars=\count324
\FV@BreakSymbolSepLeft=\dimen175
\FV@BreakSymbolSepLeftNChars=\count325
\FV@BreakSymbolSepRight=\dimen176
\FV@BreakSymbolSepRightNChars=\count326
\FV@BreakSymbolIndentLeft=\dimen177
\FV@BreakSymbolIndentLeftNChars=\count327
\FV@BreakSymbolIndentRight=\dimen178
\FV@BreakSymbolIndentRightNChars=\count328
\c@FancyVerbLineBreakLast=\count329
\FV@LineBox=\box59
\FV@LineIndentBox=\box60
\c@FV@BreakBufferDepth=\count330
\FV@LineWidth=\dimen179
)
(/usr/share/texlive/texmf-dist/tex/latex/booktabs/booktabs.sty
Package: booktabs 2020/01/12 v1.61803398 Publication quality tables
\heavyrulewidth=\dimen180
\lightrulewidth=\dimen181
\cmidrulewidth=\dimen182
\belowrulesep=\dimen183
\belowbottomsep=\dimen184
\aboverulesep=\dimen185
\abovetopsep=\dimen186
\cmidrulesep=\dimen187
\cmidrulekern=\dimen188
\defaultaddspace=\dimen189
\@cmidla=\count331
\@cmidlb=\count332
\@aboverulesep=\dimen190
\@belowrulesep=\dimen191
\@thisruleclass=\count333
\@lastruleclass=\count334
\@thisrulewidth=\dimen192
)
(/usr/share/texlive/texmf-dist/tex/latex/tools/longtable.sty
Package: longtable 2023-11-01 v4.19 Multi-page Table package (DPC)
\LTleft=\skip69
\LTright=\skip70
\LTpre=\skip71
\LTpost=\skip72
\LTchunksize=\count335
\LTcapwidth=\dimen193
\LT@head=\box61
\LT@firsthead=\box62
\LT@foot=\box63
\LT@lastfoot=\box64
\LT@gbox=\box65
\LT@cols=\count336
\LT@rows=\count337
\c@LT@tables=\count338
\c@LT@chunks=\count339
\LT@p@ftn=\toks29
)
(/usr/share/texlive/texmf-dist/tex/latex/float/float.sty
Package: float 2001/11/08 v1.3d Float enhancements (AL)
\c@float@type=\count340
\float@exts=\toks30
\float@box=\box66
\@float@everytoks=\toks31
\@floatcapt=\box67
) (./main.aux)
\openout1 = main.aux

LaTeX Font Info:    Checking defaults for OML/cmm/m/it on input line 74.
LaTeX Font Info:    ... okay on input line 74.
LaTeX Font Info:    Checking defaults for OMS/cmsy/m/n on input line 74.
LaTeX Font Info:    ... okay on input line 74.
LaTeX Font Info:    Checking defaults for OT1/cmr/m/n on input line 74.
LaTeX Font Info:    ... okay on input line 74.
LaTeX Font Info:    Checking defaults for T1/cmr/m/n on input line 74.
LaTeX Font Info:    ... okay on input line 74.
LaTeX Font Info:    Checking defaults for TS1/cmr/m/n on input line 74.
LaTeX Font Info:    ... okay on input line 74.
LaTeX Font Info:    Checking defaults for TU/lmr/m/n on input line 74.
LaTeX Font Info:    ... okay on input line 74.
LaTeX Font Info:    Checking defaults for OMX/cmex/m/n on input line 74.
LaTeX Font Info:    ... okay on input line 74.
LaTeX Font Info:    Checking defaults for U/cmr/m/n on input line 74.
LaTeX Font Info:    ... okay on input line 74.
LaTeX Font Info:    Checking defaults for PD1/pdf/m/n on input line 74.
LaTeX Font Info:    ... okay on input line 74.
LaTeX Font Info:    Checking defaults for PU/pdf/m/n on input line 74.
LaTeX Font Info:    ... okay on input line 74.
LaTeX Font Info:    Overwriting math alphabet `\mathrm' in version `normal'
(Font)                  TU/LatinModernMath(1)/m/n --> TU/TeXGyrePagella(0)/m/n 
on input line 74.
LaTeX Font Info:    Overwriting math alphabet `\mathit' in version `normal'
(Font)                  OT1/cmr/m/it --> TU/TeXGyrePagella(0)/m/it on input lin
e 74.
LaTeX Font Info:    Overwriting math alphabet `\mathbf' in version `normal'
(Font)                  OT1/cmr/bx/n --> TU/TeXGyrePagella(0)/b/n on input line
 74.
LaTeX Font Info:    Overwriting math alphabet `\mathsf' in version `normal'
(Font)                  OT1/cmss/m/n --> TU/lmss/m/n on input line 74.
LaTeX Font Info:    Overwriting math alphabet `\mathsf' in version `bold'
(Font)                  OT1/cmss/bx/n --> TU/lmss/b/n on input line 74.
LaTeX Font Info:    Overwriting math alphabet `\mathtt' in version `normal'
(Font)                  OT1/cmtt/m/n --> TU/DejaVuSansMono(0)/m/n on input line
 74.
LaTeX Font Info:    Overwriting math alphabet `\mathtt' in version `bold'
(Font)                  OT1/cmtt/m/n --> TU/DejaVuSansMono(0)/b/n on input line
 74.

*geometry* driver: auto-detecting
*geometry* detected driver: luatex
*geometry* verbose mode - [ preamble ] result:
* driver: luatex
* paper: a5paper
* layout: <same size as paper>
* layoutoffset:(h,v)=(0.0pt,0.0pt)
* bindingoffset: 11.38092pt
* modes: 
* h-part:(L,W,R)=(62.59596pt, 284.52794pt, 62.59596pt)
* v-part:(T,H,B)=(62.59596pt, 472.31595pt, 62.59596pt)
* \paperwidth=421.10078pt
* \paperheight=597.50787pt
* \textwidth=284.52794pt
* \textheight=472.31595pt
* \oddsidemargin=1.7069pt
* \evensidemargin=-9.67403pt
* \topmargin=-41.54782pt
* \headheight=26.0pt
* \headsep=19.8738pt
* \topskip=11.0pt
* \footskip=27.46295pt
* \marginparwidth=62.0pt
* \marginparsep=7.0pt
* \columnsep=10.0pt
* \skip\footins=10.0pt plus 4.0pt minus 2.0pt
* \hoffset=0.0pt
* \voffset=0.0pt
* \mag=1000
* \@twocolumnfalse
* \@twosidefalse
* \@mparswitchfalse
* \@reversemarginfalse
* (1in=72.27pt=25.4mm, 1cm=28.453pt)

(/usr/share/texlive/texmf-dist/tex/latex/graphics/color.sty
Package: color 2022/01/06 v1.3d Standard LaTeX Color (DPC)

(/usr/share/texlive/texmf-dist/tex/latex/graphics-cfg/color.cfg
File: color.cfg 2016/01/02 v1.6 sample color configuration
)
Package color Info: Driver file: luatex.def on input line 149.

(/usr/share/texlive/texmf-dist/tex/latex/graphics-def/luatex.def
File: luatex.def 2022/09/22 v1.2d Graphics/color driver for luatex

(/usr/share/texlive/texmf-dist/tex/context/base/mkii/supp-pdf.mkii
[Loading MPS to PDF converter (version 2006.09.02).]
\scratchcounter=\count341
\scratchdimen=\dimen194
\scratchbox=\box68
\nofMPsegments=\count342
\nofMParguments=\count343
\everyMPshowfont=\toks32
\MPscratchCnt=\count344
\MPscratchDim=\dimen195
\MPnumerator=\count345
\makeMPintoPDFobject=\count346
\everyMPtoPDFconversion=\toks33
)) (/usr/share/texlive/texmf-dist/tex/latex/graphics/mathcolor.ltx))
Package hyperref Info: Link coloring ON on input line 74.
 [1


{/var/lib/texmf/fonts/map/pdftex/updmap/pdftex.map}] [1


]
LaTeX Font Info:    Calculating math sizes for size <7.665> on input line 123.
 [2

] (./main.toc [3

] [4]
[5] [6] [7] [8] [9]
Underfull \hbox (badness 7308) in paragraph at lines 176--176
 [][] [][][]\TU/TeXGyrePagella(0)/m/n/10.95 Why Com-par-ing Con-fig-u-ra-tions 
Di-rectly 
 []

[10] [11] [12] [13]
Underfull \hbox (badness 5893) in paragraph at lines 271--271
 [][] [][][]\TU/TeXGyrePagella(0)/m/n/10.95 Col-lab-o-ra-tive Sto-ry-telling as Multi-Agent 
 []

[14] [15]
Underfull \hbox (badness 1019) in paragraph at lines 309--309
 [][] [][][]\TU/TeXGyrePagella(0)/m/n/10.95 Bor-rowed Per-sis-tence: What Cur-re
nt Sys- 
 []

[16] [17] [18])
\tf@toc=\write4

\openout4 = main.toc
 [19]
warning  (pdf backend): ignoring duplicate destination with the name 'page.1'
[1


] (./chapters/ch01.tex
Chapter 1.
[2

] [3] [4] [5] [6]) (./chapters/ch02.tex [7] [8]
Chapter 2.
[9

] [10]
Underfull \hbox (badness 7468) in paragraph at lines 15--15
|[]\TU/TeXGyrePagella(0)/b/n/14.4 Ob-ject Per-ma-nence, Bor-rowed and
 []

[11] [12] [13]) (./chapters/ch03.tex [14] [15]
Chapter 3.
[16

] [17] [18] [19] [20]) (./chapters/ch04.tex [21] [22]
Chapter 4.
[23

] [24] [25]
Underfull \hbox (badness 2828) in paragraph at lines 17--17
|[]\TU/TeXGyrePagella(0)/b/n/14.4 Re-trieved Mem-ory Does Not Make
 []

[26] [27]) (./chapters/ch05.tex [28]
Chapter 5.
[29

] [30] [31]
Underfull \hbox (badness 5388) in paragraph at lines 17--17
|[]\TU/TeXGyrePagella(0)/b/n/14.4 Mod-ern Sys-tems In-herit the Same
 []

[32] [33] [34]) [35] [36

] (./chapters/ch06.tex
Chapter 6.
[37

] [38] [39]
Underfull \hbox (badness 6220) in paragraph at lines 29--30
[]\TU/TeXGyrePagella(0)/m/n/10.95 This sin-gle re-ver-sal has con-se-quences tha
t rip-ple
 []

[40] [41] [42] [43] [44] [45] [46] [47] [48]) (./chapters/ch07.tex [49]
Chapter 7.
[50

] [51] [52] [53] [54] [55] [56]) (./chapters/ch08.tex [57]
Chapter 8.
[58

] [59] [60] [61] [62]
Underfull \hbox (badness 1448) in paragraph at lines 35--35
|[]\TU/TeXGyrePagella(0)/b/n/14.4 Ob-ser-va-tion as the Only Le-git-i-mate
 []

[63] [64]) (./chapters/ch09.tex [65]
Chapter 9.

Underfull \hbox (badness 1163) in paragraph at lines 7--8
[]\TU/TeXGyrePagella(0)/m/n/10.95 Sup-pose the ob-server looks, and the field, 
through
 []

[66

] [67] [68] [69] [70] [71] [72]) (./chapters/ch10.tex [73]
Chapter 10.
[74

] [75] [76] [77]
Underfull \hbox (badness 3078) in paragraph at lines 31--31
|[]\TU/TeXGyrePagella(0)/b/n/14.4 The Vo-cab-u-lary Af-for-dances Draw
 []

[78] [79] [80]) (./chapters/ch11.tex [81] [82]
Chapter 11.
[83

] [84] [85]
Underfull \hbox (badness 1616) in paragraph at lines 27--28
\TU/TeXGyrePagella(0)/m/n/10.95 Chap-ter 10 in-tro-duced a learn-ing rule for af
-for-dances,
 []

[86]
Underfull \hbox (badness 4713) in paragraph at lines 31--32
\TU/TeXGyrePagella(0)/m/n/10.95 This chap-ter closes by re-turn-ing to the inven
tion-to-
 []

[87] [88]) [89] [90

] (./chapters/ch12.tex
Chapter 12.
[91

] [92]
Underfull \hbox (badness 1365) in paragraph at lines 25--26
[]\TU/TeXGyrePagella(0)/m/n/10.95 This equa-tion looks al-most too sim-ple to ca
rry the
 []

[93] [94] [95] [96]) (./chapters/ch13.tex [97]
Chapter 13.
[98

] [99] [100]
Underfull \hbox (badness 1221) in paragraph at lines 27--28
\TU/TeXGyrePagella(0)/m/n/10.95 strongly ac-ti-vated can-di-date over its ri-val
s. A high β
 []


Underfull \hbox (badness 1117) in paragraph at lines 27--28
\TU/TeXGyrePagella(0)/m/n/10.95 makes se-lec-tion nearly de-ter-min-is-tic, al-w
ays tak-ing the
 []


Underfull \hbox (badness 1253) in paragraph at lines 31--32
\TU/TeXGyrePagella(0)/m/n/10.95 It is worth stat-ing plainly what has and has no
t been
 []

[101]) (./chapters/ch14.tex [102] [103]
Chapter 14.
[104

]
Underfull \hbox (badness 10000) in paragraph at lines 15--15
|[]\TU/TeXGyrePagella(0)/b/n/14.4 Pro-jec-tion as Near-est Ad-mis-si-ble
 []

[105] [106] [107]
Underfull \hbox (badness 1895) in paragraph at lines 35--36
\TU/TeXGyrePagella(0)/m/n/10.95 Nearest-point pro-jec-tion as-sumes that some ad
-mis-si-ble
 []

[108]) (./chapters/ch15.tex [109] [110]
Chapter 15.
[111

]
Underfull \hbox (badness 1019) in paragraph at lines 11--12
\TU/TeXGyrePagella(0)/m/n/10.95 There is a con-crete rea-son pro-jec-tion can-no
t sim-ply be
 []

[112] [113] [114] [115]) (./chapters/ch16.tex [116] [117]
Chapter 16.

Underfull \hbox (badness 1997) in paragraph at lines 3--3
|[]\TU/TeXGyrePagella(0)/b/n/14.4 What ”Noth-ing Hap-pens” Ac-tu-ally
 []

[118

] [119] [120] [121] [122]) (./chapters/ch17.tex [123]
Chapter 17.
[124

] [125] [126] [127] [128]) [129] [130

] (./chapters/ch18.tex
Chapter 18.
[131

] [132] [133] [134] [135]) (./chapters/ch19.tex [136] [137]
Chapter 19.
[138

] [139] [140] [141] [142]) (./chapters/ch20.tex [143] [144]
Chapter 20.
[145

] [146] [147] [148]) (./chapters/ch21.tex
Underfull \hbox (badness 2538) in paragraph at lines 29--1
\TU/TeXGyrePagella(0)/m/n/10.95 Ev-ery-thing this book’s dy-nam-ics have de-sc
ribed since
 []


Underfull \hbox (badness 1184) in paragraph at lines 29--1
\TU/TeXGyrePagella(0)/m/n/10.95 stated point-wise or, at most, across a sin-gle tra-jec-tory.
 []

[149] [150]
Chapter 21.
[151

]
Underfull \hbox (badness 6893) in paragraph at lines 13--13
|[]\TU/TeXGyrePagella(0)/b/n/14.4 Hal-lu-ci-na-tion as a Co-ho-mo-log-i-cal
 []

[152] [153] [154] [155]
Underfull \hbox (badness 1117) in paragraph at lines 35--36
\TU/TeXGyrePagella(0)/m/n/10.95 port: when a topol-ogy re-pair or iden-tity re-s
truc-tur-ing
 []

[156]) (./chapters/ch22.tex [157]
Chapter 22.

Underfull \hbox (badness 1748) in paragraph at lines 5--6
\TU/TeXGyrePagella(0)/m/n/10.95 Chap-ter 18 an-swered a ques-tion about sin-gle in-stants:
 []

[158

] [159] [160] [161] [162]
Underfull \hbox (badness 1533) in paragraph at lines 35--35
|[]\TU/TeXGyrePagella(0)/b/n/14.4 Con-ser-va-tion Along Or-bits, Not at
 []

[163] [164]) (./chapters/ch23.tex [165]
Chapter 23.
[166

] [167] [168] [169] [170]) (./chapters/ch24.tex
Underfull \hbox (badness 3612) in paragraph at lines 29--1
\TU/TeXGyrePagella(0)/m/n/10.95 of thing, built from ad-mis-si-ble tra-jec-to-ri
es, structure-
 []


Underfull \hbox (badness 1383) in paragraph at lines 29--1
\TU/TeXGyrePagella(0)/m/n/10.95 preserving mor-phisms, and the iso-mor-phisms be
-tween
 []


Underfull \hbox (badness 1314) in paragraph at lines 29--1
\TU/TeXGyrePagella(0)/m/n/10.95 Chap-ter 21 al-ready es-tab-lished. What it can-
not do is
 []

[171]
Chapter 24.
[172

] [173] [174] [175] [176]) [177] [178

] (./chapters/ch25.tex
Chapter 25.

Underfull \hbox (badness 1874) in paragraph at lines 5--6
\TU/TeXGyrePagella(0)/m/n/10.95 Part IV gave this book’s core cy-cle, ob-serve
, pro-pose,
 []

[179

] [180] [181] [182] [183]) (./chapters/ch26.tex [184] [185]
Chapter 26.

Underfull \hbox (badness 1337) in paragraph at lines 3--3
|[]\TU/TeXGyrePagella(0)/b/n/14.4 What the World Database Ac-tu-ally
 []

[186

] [187] [188]
Underfull \hbox (badness 10000) in paragraph at lines 21--21
|[]\TU/TeXGyrePagella(0)/b/n/14.4 Dif-fer-ent Strate-gies for Dif-fer-ent
 []

[189] [190] [191]) (./chapters/ch27.tex [192]
Chapter 27.
[193

] [194] [195] [196] [197]) (./chapters/ch28.tex [198]
Chapter 28.

Underfull \hbox (badness 1270) in paragraph at lines 9--10
\TU/TeXGyrePagella(0)/m/n/10.95 Rather than ex-pos-ing an open-ended, un-struc-t
ured ac-
 []

[199

] [200] [201] [202] [203] [204] [205]) (./chapters/ch29.tex [206]
Chapter 29.

Underfull \hbox (badness 2126) in paragraph at lines 7--7
|[]\TU/TeXGyrePagella(0)/b/n/14.4 Com-mu-ta-tive Pro-pos-als: The Easy
 []

[207

] [208] [209] [210] [211]) (./chapters/ch30.tex [212] [213]
Chapter 30.
[214

] [215] [216] [217] [218] [219]) [220] [221

] (./chapters/ch31.tex
Chapter 31.
[222

] [223] [224] [225] [226]) (./chapters/ch32.tex [227]
Chapter 32.

Package hyperref Warning: Token not allowed in a PDF string (Unicode):
(hyperref)                removing `math shift' on input line 7.


Package hyperref Warning: Token not allowed in a PDF string (Unicode):
(hyperref)                removing `subscript' on input line 7.


Package hyperref Warning: Token not allowed in a PDF string (Unicode):
(hyperref)                removing `\mathrm' on input line 7.

[228

]
Underfull \hbox (badness 1038) in paragraph at lines 11--11
|[]\TU/TeXGyrePagella(0)/b/n/14.4 Real Con-ser-va-tion Laws as Fur-ther
 []

[229] [230] [231] [232]) (./chapters/ch33.tex [233]
Chapter 33.

Underfull \hbox (badness 1226) in paragraph at lines 7--7
|[]\TU/TeXGyrePagella(0)/b/n/14.4 The Robot as Ob-server, Gen-er-a-tor,
 []

[234

]
Underfull \hbox (badness 3407) in paragraph at lines 11--11
|[]\TU/TeXGyrePagella(0)/b/n/14.4 Cen-tral Pat-tern Gen-er-a-tors as Dy-
 []

[235]
Underfull \hbox (badness 6978) in paragraph at lines 15--15
|[]\TU/TeXGyrePagella(0)/b/n/14.4 Hi-er-ar-chi-cal Com-po-si-tion and the
 []


Underfull \hbox (badness 1776) in paragraph at lines 17--18
\TU/TeXGyrePagella(0)/m/n/10.95 a pop-u-la-tion of cou-pled joint-level os-cil-l
a-tors syn-chro-
 []

[236] [237]
LaTeX Font Info:    Font shape `TU/DejaVuSansMono(0)/m/n' will be
(Font)              scaled to size 8.50006pt on input line 29.
 [238] [239] [240]
Underfull \hbox (badness 1184) in paragraph at lines 89--90
\TU/TeXGyrePagella(0)/m/n/10.95 Those are control-theoretic and me-chan-i-cal en
-gi-neer-ing
 []

[241]) (./chapters/ch34.tex [242]
Chapter 34.
[243

]
Underfull \hbox (badness 2671) in paragraph at lines 11--11
|[]\TU/TeXGyrePagella(0)/b/n/14.4 Hon-est Un-cer-tainty About What a
 []

[244] [245] [246]) (./chapters/ch35.tex [247] [248]
Chapter 35.
[249

] [250] [251] [252] [253]) (./chapters/ch36.tex [254]
Chapter 36.
[255

]
Underfull \hbox (badness 1558) in paragraph at lines 11--11
|[]\TU/TeXGyrePagella(0)/b/n/14.4 Economies as Conserved-Flow Sys-
 []

[256]
Underfull \hbox (badness 10000) in paragraph at lines 15--15
|[]\TU/TeXGyrePagella(0)/b/n/14.4 Priv-i-lege Gates as Capability-
 []

[257] [258] [259]) [260] [261

] (./chapters/ch37.tex
Chapter 37.
[262

] [263] [264] [265]) (./chapters/ch38.tex [266]
Chapter 38.

Underfull \hbox (badness 1168) in paragraph at lines 5--6
\TU/TeXGyrePagella(0)/m/n/10.95 ter 13’s pro-posal ma-chin-ery could gen-er-at
e is one this
 []

[267

] [268] [269] [270]) (./chapters/ch39.tex [271]
Chapter 39.

Underfull \hbox (badness 1859) in paragraph at lines 3--3
|[]\TU/TeXGyrePagella(0)/b/n/14.4 Two Dif-fer-ent Claims Wear-ing the
 []

[272

] [273] [274] [275]) (./chapters/ch40.tex [276]
Chapter 40.
[277

] [278] [279] [280] [281] [282]) (./chapters/ch41.tex [283]
Chapter 41.
[284

] [285]
Underfull \hbox (badness 10000) in paragraph at lines 15--15
|[]\TU/TeXGyrePagella(0)/b/n/14.4 Money as Con-served Se-man-tic
 []

[286] [287]
Underfull \hbox (badness 3364) in paragraph at lines 27--27
|[]\TU/TeXGyrePagella(0)/b/n/14.4 Ed-u-ca-tion as Con-trolled Trans-mis-
 []


Underfull \hbox (badness 1275) in paragraph at lines 29--30
\TU/TeXGyrePagella(0)/m/n/10.95 Chap-ter 34 built an ed-u-ca-tional sys-tem’s track-ing of a
 []

[288] [289]
Underfull \hbox (badness 2334) in paragraph at lines 37--38
\TU/TeXGyrePagella(0)/m/n/10.95 This chap-ter has of-fered a gen-uine in-ter-pre
-tive claim:
 []


Underfull \hbox (badness 1888) in paragraph at lines 37--38
\TU/TeXGyrePagella(0)/m/n/10.95 that civ-i-liza-tion, ex-am-ined closely, ac-tu-
ally in-stan-ti-ates
 []

) (./chapters/ch42.tex [290] [291]
Chapter 42.
[292

] [293] [294] [295]) [296] (./chapters/apxA.tex [297]
Appendix A.
[298

] [299] [300] [301]
Underfull \hbox (badness 10000) in paragraph at lines 79--79
|[]\TU/TeXGyrePagella(0)/b/n/14.4 Cat-e-gories, Cue Cat-e-gories, and
 []

[302]
Underfull \hbox (badness 1122) in paragraph at lines 93--94
\TU/TeXGyrePagella(0)/m/n/10.95 The fol-low-ing sym-bols re-cur through-out the main text
 []

[303] [304]) (./chapters/apxB.tex [305]
Appendix B.
[306

] [307] [308] [309]
Underfull \hbox (badness 4060) in paragraph at lines 33--34
[]\TU/TeXGyrePagella(0)/m/n/10.95 Propo-si-tion B.3 (Second-order sta-bil-ity te
st). Let
 []


Underfull \hbox (badness 1314) in paragraph at lines 33--34
\TU/TeXGyrePagella(0)/m/n/10.95 per-tur-ba-tion, how-ever small, is fol-lowed by
 move-ment
 []

[310] [311]
Underfull \hbox (badness 1048) in paragraph at lines 51--52
[]\TU/TeXGyrePagella(0)/m/n/10.95 Proof sketch. Dif-fer-en-ti-ate the in-vari-an
ce con-di-tion
 []


Underfull \hbox (badness 2772) in paragraph at lines 51--52
\TU/TeXGyrePagella(0)/m/n/10.95 sti-tut-ing the Eu-ler–La-grange equa-tions, 
which ex-press
 []


Underfull \hbox (badness 1496) in paragraph at lines 51--52
\TU/TeXGyrePagella(0)/m/n/10.95 the three sym-me-tries in Chap-ter 22.3, time-tr
anslation,
 []

[312]
Underfull \hbox (badness 2573) in paragraph at lines 53--53
|[]\TU/TeXGyrePagella(0)/b/n/14.4 Com-mu-ta-tiv-ity of In-de-pen-dent Up-
 []

[313]) (./chapters/apxC.tex [314] [315]
Appendix C.

Underfull \hbox (badness 1194) in paragraph at lines 9--10
\TU/TeXGyrePagella(0)/m/n/10.95 This re-al-izes Chap-ter 13’s com-bi-na-tion 
of in-trin-sic and
 []

[316

] [317] [318] [319] [320]
Underfull \hbox (badness 1515) in paragraph at lines 111--112
\TU/TeXGyrePagella(0)/m/n/10.95 re-trieval, write, and enu-mer-a-tion, or-ga-niz
ed along the
 []

[321]) (./chapters/apxD.tex
Underfull \hbox (badness 2368) in paragraph at lines 155--1
\TU/TeXGyrePagella(0)/m/n/10.95 Ev-ery al-go-rithm in this ap-pendix calls PROJE
CT, and
 []

[322] [323]
Appendix D.
[324

] [325] [326] [327] [328]
Underfull \hbox (badness 10000) in paragraph at lines 132--133
[]\TU/TeXGyrePagella(0)/m/n/10.95 A con-crete im-ple-men-ta-tion would typ-i-cal
ly run
 []


Underfull \hbox (badness 1406) in paragraph at lines 132--133
\TU/TeXGyrePagella(0)/m/n/10.95 ex-actly as Chap-ter 17.2 de-scribed; noth-ing 
in the trait
 []


Underfull \hbox (badness 1137) in paragraph at lines 132--133
\TU/TeXGyrePagella(0)/m/n/10.95 it-self re-quires a par-tic-u-lar schedul-ing me
ch-a-nism, only
 []

[329] [330] [331] [332]
Underfull \hbox (badness 1668) in paragraph at lines 204--205
\TU/TeXGyrePagella(0)/m/n/10.95 storage (World-Store im-ple-men-ta-tions, Hilber
t in-dex-ing,
 []

) (./chapters/apxE.tex [333] [334]
Appendix E.
[335

] [336] [337] [338] [339]
Underfull \hbox (badness 10000) in paragraph at lines 41--41
|[]\TU/TeXGyrePagella(0)/b/n/14.4 Entity-Component-System Ar-chi-tec-
 []

[340] [341] [342]
Underfull \hbox (badness 10000) in paragraph at lines 63--63
[]\TU/TeXGyrePagella(0)/m/n/10 Per-sis-tent
 []


Underfull \hbox (badness 10000) in paragraph at lines 65--65
[]\TU/TeXGyrePagella(0)/m/n/10 Au-tore-gres-sive
 []


Underfull \hbox (badness 10000) in paragraph at lines 66--66
[]\TU/TeXGyrePagella(0)/m/n/10 Session-
 []


Overfull \hbox (1.78448pt too wide) in paragraph at lines 66--66
\TU/TeXGyrePagella(0)/m/n/10 independent,
 []


Underfull \hbox (badness 10000) in paragraph at lines 66--66
\TU/TeXGyrePagella(0)/m/n/10 un-rec-on-
 []


Underfull \hbox (badness 10000) in paragraph at lines 66--67
[]\TU/TeXGyrePagella(0)/m/n/10 Not main-
 []


Underfull \hbox (badness 10000) in paragraph at lines 67--67
[]\TU/TeXGyrePagella(0)/m/n/10 Buffer/ses-sion
 []


Underfull \hbox (badness 10000) in paragraph at lines 67--67
[]\TU/TeXGyrePagella(0)/m/n/10 Session-
 []


Underfull \hbox (badness 10000) in paragraph at lines 67--68
[]\TU/TeXGyrePagella(0)/m/n/10 Restarts per
 []


Underfull \hbox (badness 10000) in paragraph at lines 68--68
[]\TU/TeXGyrePagella(0)/m/n/10 Tra-di-tional game
 []


Underfull \hbox (badness 10000) in paragraph at lines 68--68
[]\TU/TeXGyrePagella(0)/m/n/10 Per-sis-tent
 []


Underfull \hbox (badness 10000) in paragraph at lines 68--68
\TU/TeXGyrePagella(0)/m/n/10 (scene
 []


Underfull \hbox (badness 10000) in paragraph at lines 69--69
[]\TU/TeXGyrePagella(0)/m/n/10 Per-sis-tent
 []


Underfull \hbox (badness 10000) in paragraph at lines 69--69
\TU/TeXGyrePagella(0)/m/n/10 (com-po-
 []


Underfull \hbox (badness 10000) in paragraph at lines 71--71
[]\TU/TeXGyrePagella(0)/m/n/10 Per-sis-tent,
 []


Underfull \hbox (badness 10000) in paragraph at lines 72--72
[]\TU/TeXGyrePagella(0)/m/n/10 Per-sis-tent
 []


Underfull \hbox (badness 10000) in paragraph at lines 72--72
\TU/TeXGyrePagella(0)/m/n/10 (world
 []


Underfull \hbox (badness 6300) in paragraph at lines 73--73
[]\TU/TeXGyrePagella(0)/m/n/10 This book’s ar-chi-
 []


Underfull \hbox (badness 10000) in paragraph at lines 73--73
[]\TU/TeXGyrePagella(0)/m/n/10 Per-sis-tent,
 []


Overfull \hbox (3.33449pt too wide) in paragraph at lines 73--73
\TU/TeXGyrePagella(0)/m/n/10 admissibility-
 []


Underfull \hbox (badness 10000) in paragraph at lines 73--74
[]\TU/TeXGyrePagella(0)/m/n/10 Dy-namic
 []


Underfull \hbox (badness 4341) in paragraph at lines 79--79
|[]\TU/TeXGyrePagella(0)/b/n/14.4 What This Com-par-i-son Does Not
 []

) (./chapters/apxF.tex [343] [344
warning  (pdf backend): ignoring duplicate destination with the name 'table.E.1'

] [345]
Appendix F.
[346

]
Underfull \hbox (badness 1577) in paragraph at lines 11--12
[]\TU/TeXGyrePagella(0)/m/n/10.95 The full al-ge-bra of ⊕. Chap-ters 11 and 22
 es-tab-
 []

[347] [348] [349] [350]
Underfull \hbox (badness 1168) in paragraph at lines 51--52
\TU/TeXGyrePagella(0)/m/n/10.95 pro-vide for or-di-nary dis-tributed stor-age, 
while still re-
 []

[351]) [352] (./main.aux)
 ***********
LaTeX2e <2023-11-01> patch level 1
L3 programming layer <2024-01-22>
 ***********
)

Here is how much of LuaTeX's memory you used:
 20407 strings out of 476553
 125027,1977958 words of node,token memory allocated
 925 words of node memory still in use:
   6 hlist, 2 vlist, 2 rule, 2 glue, 4 kern, 1 glyph, 61 attribute, 65 glue_spec
, 61 attribute_list, 1 write, 26 pdf_action nodes
   avail lists: 1:2,2:1088,3:297,4:222,5:595,6:95,7:5676,8:38,9:693,10:20,11:460

 41069 multiletter control sequences out of 65536+600000
 108 fonts using 50731695 bytes
 86i,14n,89p,1906b,546s stack positions out of 10000i,1000n,20000p,200000b,200000s
</usr/share/texlive/texmf-dist/fonts/truetype/public/dejavu/DejaVuSansMono.ttf><
/usr/share/texmf/fonts/opentype/public/lm-math/latinmodern-math.otf></usr/share/
texlive/texmf-dist/fonts/truetype/public/dejavu/DejaVuSans.ttf></usr/share/texmf
/fonts/opentype/public/lm-math/latinmodern-math.otf></usr/share/texmf/fonts/open
type/public/lm-math/latinmodern-math.otf></usr/share/texmf/fonts/opentype/public
/lm-math/latinmodern-math.otf></usr/share/texmf/fonts/opentype/public/tex-gyre/t
exgyrepagella-italic.otf></usr/share/texmf/fonts/opentype/public/tex-gyre/texgyr
epagella-regular.otf></usr/share/texmf/fonts/opentype/public/tex-gyre/texgyrepag
ella-bold.otf>
Output written on main.pdf (372 pages, 834984 bytes).

PDF statistics: 3704 PDF objects out of 4296 (max. 8388607)
 3270 compressed objects within 33 object streams
 774 named destinations out of 1000 (max. 131072)
 3201 words of extra memory for PDF output out of 10000 (max. 100000000)

